
 Start  Stop   Length Name               Class

 00000H 05562H 05563H _TEXT              CODE
 05563H 06EA4H 01942H MEMOPAD_TEXT       CODE
 06EA5H 06EA5H 00000H DIALOGS_TEXT       CODE
 06EA5H 06EA5H 00000H MENUS_TEXT         CODE
 06EA5H 070EEH 0024AH MENU_TEXT          CODE
 070EFH 08514H 01426H WINDOW_TEXT        CODE
 08515H 08E68H 00954H VIDEO_TEXT         CODE
 08E69H 0A022H 011BAH MESSAGE_TEXT       CODE
 0A023H 0A276H 00254H MOUSE_TEXT         CODE
 0A277H 0A809H 00593H CONSOLE_TEXT       CODE
 0A80AH 0CFFAH 027F1H NORMAL_TEXT        CODE
 0CFFBH 0F566H 0256CH TEXTBOX_TEXT       CODE
 0F567H 1080AH 012A4H LISTBOX_TEXT       CODE
 1080BH 118C1H 010B7H MENUBAR_TEXT       CODE
 118C2H 129AEH 010EDH POPDOWN_TEXT       CODE
 129AFH 12CEBH 0033DH RECT_TEXT          CODE
 12CECH 1476DH 01A82H APPLICAT_TEXT      CODE
 1476EH 1476EH 00000H KEYS_TEXT          CODE
 1476EH 1498DH 00220H CONFIG_TEXT        CODE
 1498EH 14DA8H 0041BH SYSMENU_TEXT       CODE
 14DA9H 18958H 03BB0H EDITBOX_TEXT       CODE
 18959H 1A7FBH 01EA3H DIALBOX_TEXT       CODE
 1A7FCH 1ABA4H 003A9H BUTTON_TEXT        CODE
 1ABA5H 1B5AAH 00A06H MSGBOX_TEXT        CODE
 1B5ABH 1D1C1H 01C17H HELPBOX_TEXT       CODE
 1D1C2H 1D5E0H 0041FH LISTS_TEXT         CODE
 1D5E1H 1D867H 00287H STATBAR_TEXT       CODE
 1D868H 1DB07H 002A0H DECOMP_TEXT        CODE
 1DB08H 1E10EH 00607H COMBOBOX_TEXT      CODE
 1E10FH 1E3E8H 002DAH CLIPBORD_TEXT      CODE
 1E3E9H 1EB64H 0077CH SEARCH_TEXT        CODE
 1EB65H 1F1A2H 0063EH FILEOPEN_TEXT      CODE
 1F1A3H 1F332H 00190H DFALLOC_TEXT       CODE
 1F333H 1F510H 001DEH CHECKBOX_TEXT      CODE
 1F511H 1F6FCH 001ECH TEXT_TEXT          CODE
 1F6FDH 1FACDH 003D1H RADIO_TEXT         CODE
 1FACEH 1FBDAH 0010DH BOX_TEXT           CODE
 1FBDBH 1FFA5H 003CBH WATCH_TEXT         CODE
 1FFA6H 20509H 00564H SLIDEBOX_TEXT      CODE
 2050AH 2074BH 00242H SPINBUTT_TEXT      CODE
 2074CH 20E1EH 006D3H DIRECT_TEXT        CODE
 20E1FH 2106CH 0024EH BARCHART_TEXT      CODE
 2106DH 212FEH 00292H LOG_TEXT           CODE
 212FFH 21892H 00594H CALENDAR_TEXT      CODE
 21893H 22004H 00772H PICTBOX_TEXT       CODE
 22005H 22842H 0083EH EDITOR_TEXT        CODE
 22850H 22850H 00000H _FARDATA           FAR_DATA
 22850H 22850H 00000H _FARBSS            FAR_BSS
 22850H 22850H 00000H _OVERLAY_          OVRINFO
 22850H 22850H 00000H _1STUB_            STUBSEG
 22850H 2A74DH 07EFEH _DATA              DATA
 2A74EH 2A74FH 00002H _CVTSEG            DATA
 2A750H 2A755H 00006H _SCNSEG            DATA
 2A756H 2A756H 00000H _CONST             CONST
 2A756H 2A76DH 00018H _INIT_             INITDATA
 2A76EH 2A76EH 00000H _INITEND_          INITDATA
 2A76EH 2A76EH 00000H _EXIT_             EXITDATA
 2A76EH 2A76EH 00000H _EXITEND_          EXITDATA
 2A76EH 2B9B5H 01248H _BSS               BSS
 2B9B6H 2B9B6H 00000H _BSSEND            BSSEND
 2B9C0H 2BA3FH 00080H _STACK             STACK

  Address         Publics by Name

 2285:0000       DATASEG@
 0000:0291       DGROUP@
 0000:0769       F_LDIV@
 0000:0778       F_LMOD@
 0000:0770       F_LUDIV@
 0000:0780       F_LUMOD@
 0000:0817       F_LXLSH@
 0000:0697       F_LXMUL@
 0000:0838       F_PADD@
 0000:0867       F_PSUB@
 0000:06AE       F_SCOPY@
 0000:089B       F_SPUSH@
 0000:0769       LDIV@
 0000:0778       LMOD@
 0000:0770       LUDIV@
 0000:0780       LUMOD@
 0000:0817       LXLSH@
 0000:0697       LXMUL@
 0000:0766       N_LDIV@
 0000:0775       N_LMOD@
 0000:076D       N_LUDIV@
 0000:077D       N_LUMOD@
 0000:0814       N_LXLSH@
 0000:0A99       N_LXMUL@
 0000:0835       N_PADD@
 0000:0AB0       N_PCMP@
 0000:0864       N_PSUB@
 0000:0AD1       N_SCOPY@
 0000:0895       N_SPUSH@
 0000:0838       PADD@
 0000:0867       PSUB@
 0000:06AE       SCOPY@
 0000:089B       SPUSH@
 0000:027A       _ABORT
 06EA:00E2       _ACTIVATECOMMAND
 2285:89BA       _ACTIVEMENUBAR
 070E:0379       _ADDTITLE
 070E:04E5       _ADJUSTRECTANGLE
 2285:8848       _ALLOCERROR
 2285:623A       _ALLOCTESTING
 0A27:055C       _ALTCONVERT
 2285:623C       _ALTDOWN
 1D1C:0328       _APPENDWINDOW
 12CE:0B02       _APPLICATIONPROC
 2285:8A09       _APPLICATIONWINDOW
 2285:8A0D       _ARGV
 0000:2859       _ASCTIME
 0000:0295       _ATEXIT
 0000:254C       _ATOI
 0000:24D7       _ATOL
 2285:8050       _BACKGROUND
 20E1:00BF       _BARCHART
 0A27:0163       _BEEP
 0000:1648       _BIOSKEY
 1FAC:000E       _BOXPROC
 2074:048B       _BUILDDIRECTORYLIST
 2074:04A6       _BUILDDRIVELIST
 2074:046E       _BUILDFILELIST
 1476:000E       _BUILDFILENAME
 2074:062F       _BUILDPATHDISPLAY
 1498:01BF       _BUILDSYSTEMMENU
 0CFF:23A0       _BUILDTEXTPOINTERS
 1A7F:02C2       _BUTTONPROC
 0A02:01BB       _BUTTON_RELEASES
 2285:6B0E       _BW
 212F:0501       _CALENDAR
 0000:166D       _CALLOC
 1ABA:01AF       _CANCELBOXPROC
 2285:8A26       _CANCELWND
 2285:8862       _CAPTUREKEYBOARD
 2285:8866       _CAPTUREMOUSE
 2285:6C7E       _CFG
 0851:021F       _CHARINVIEW
 2285:77B8       _CHARINWND
 0000:02C2       _CHDIR
 1F33:0003       _CHECKBOXPROC
 1F33:017D       _CHECKBOXSETTING
 2285:63E2       _CLASSDEFS
 2285:6DC2       _CLASSNAMES
 1E10:0133       _CLEARCLIPBOARD
 06EA:01EF       _CLEARCOMMANDTOGGLE
 1895:0009       _CLEARDIALOGBOXES
 0A27:0007       _CLEARSCREEN
 0CFF:2368       _CLEARTEXTPOINTERS
 070E:0F6F       _CLEARWINDOW
 129A:0154       _CLIENTRECT
 2285:8E4E       _CLIPBOARD
 2285:8E4C       _CLIPBOARDLENGTH
 129A:0268       _CLIPRECTANGLE
 2285:8058       _CLIPSTRING
 0000:257A       _CLOSE
 1ABA:02C7       _CLOSECANCELBOX
 2200:0121       _COLLAPSETABS
 2285:6A56       _COLOR
 1DB0:0008       _COMBOPROC
 1895:0BBC       _CONTROLSETTING
 1895:0B1E       _CONTROLWINDOW
 118C:1050       _COPYCOMMAND
 1E10:000F       _COPYTEXTTOCLIPBOARD
 1E10:0059       _COPYTOCLIPBOARD
 2074:000C       _CREATEPATH
 070E:000F       _CREATEWINDOW
 0000:2884       _CTIME
 2285:89BE       _CURRENTMENUSELECTION
 0A27:0260       _CURR_CURSOR
 0A27:01FC       _CURSOR
 2285:7EF0       _DAYLIGHT
 06EA:0112       _DEACTIVATECOMMAND
 1F1A:00EB       _DFCALLOC
 2285:0094       _DFLATAPPLICATION
 1F1A:0123       _DFMALLOC
 1F1A:0157       _DFREALLOC
 1895:08F3       _DIALOGBOX
 1895:068C       _DIALOGPROC
 08E6:0F51       _DISPATCH_MESSAGE
 2285:2338       _DISPLAY
 1B5A:1582       _DISPLAYHELP
 070E:05DB       _DISPLAYTITLE
 0000:4D66       _DOSTOUNIX
 2189:0724       _DRAWBAR
 2189:06DB       _DRAWBOX
 2189:068A       _DRAWVECTOR
 14DA:2B94       _EDITBOXPROC
 2200:07CC       _EDITORPROC
 2285:7CDE       _ENVIRON
 0000:2F3F       _EOF
 2285:007F       _ERRNO
 1ABA:013A       _ERRORBOXPROC
 0000:065C       _EXIT
 2200:0199       _EXPANDTABS
 0000:1BBF       _FARFREE
 0000:1CD3       _FARMALLOC
 0000:1E37       _FARREALLOC
 0000:2FB6       _FCLOSE
 0000:306E       _FFLUSH
 0000:39FE       _FGETC
 0000:3AEC       _FGETCHAR
 0000:313B       _FGETS
 2285:03B8       _FILEOPEN
 1895:0ACA       _FINDCOMMAND
 0000:31D7       _FINDFIRST
 0000:320A       _FINDNEXT
 0000:3237       _FLUSHALL
 0000:3279       _FNMERGE
 0000:32A4       _FNSPLIT
 0000:34A6       _FOPEN
 2285:8052       _FOREGROUND
 0000:34DB       _FPRINTF
 0000:3FE5       _FPUTC
 0000:417A       _FPUTCHAR
 0000:34F7       _FPUTS
 0000:3635       _FREAD
 0000:1BBF       _FREE
 0000:3745       _FSEEK
 0000:37C5       _FTELL
 0000:38A5       _FWRITE
 1ABA:0669       _GENERICMESSAGE
 0A80:25F4       _GETANCESTOR
 06EA:0070       _GETCOMMANDTEXT
 06EA:017F       _GETCOMMANDTOGGLE
 0000:06CA       _GETCURDIR
 0000:3AF8       _GETCWD
 0000:06E7       _GETDATE
 0000:070D       _GETDISK
 1895:118A       _GETDLGLISTTEXT
 1895:0C55       _GETDLGTEXTSTRING
 0000:3B86       _GETENV
 1D86:0144       _GETHELPLINE
 1895:0FE2       _GETITEMTEXT
 0A27:0103       _GETKEY
 0A27:013C       _GETSHIFT
 0000:06FA       _GETTIME
 0000:0746       _GETVECT
 0851:0005       _GETVIDEO
 0851:010B       _GETVIDEOCHAR
 0A02:00C6       _GET_MOUSEPOSITION
 0851:0815       _GET_VIDEOMODE
 0000:280A       _GMTIME
 08E6:0F3F       _HANDSHAKE
 2285:2F08       _HELPBOX
 1B5A:0383       _HELPBOXPROC
 1B5A:153B       _HELPCOMMENT
 1D86:01FF       _HELPFILEPOSITION
 1B5A:07A0       _HELPTEXTPROC
 2285:8E48       _HELPTREE
 2285:8958       _HIDDENWINDOW
 0A27:030C       _HIDECURSOR
 0A02:019B       _HIDE_MOUSECURSOR
 2285:896A       _HSLIDING
 2285:6210       _INFOCUS
 070E:1142       _INITWINDOWCOLORS
 08E6:0175       _INIT_MESSAGES
 1ABA:0474       _INPUTBOX
 2285:1B58       _INPUTBOXDB
 1ABA:02F5       _INPUTBOXPROC
 070E:03B0       _INSERTTITLE
 0000:1FF1       _INT86
 0000:2022       _INT86X
 06EA:021F       _INVERTCOMMANDTOGGLE
 0000:20BB       _IOCTL
 06EA:0142       _ISACTIVE
 0A80:27C2       _ISANCESTOR
 0000:0907       _ISATTY
 06EA:00AA       _ISCASCADEDCOMMAND
 1895:0C07       _ISCONTROLON
 0A80:25CA       _ISDERIVEDFROM
 0A27:038C       _ISEGA
 0A27:03CE       _ISVGA
 0A80:2638       _ISVISIBLE
 0F56:114C       _ITEMSELECTED
 0A27:00EF       _KEYHIT
 2285:66AC       _KEYS
 1A7F:01B6       _LEFTBUTTONMSG
 070E:10C5       _LINELENGTH
 0F56:0B31       _LISTBOXPROC
 1DB0:01BC       _LISTPROC
 1476:00BF       _LOADCONFIG
 1B5A:0D39       _LOADHELPFILE
 0000:2823       _LOCALTIME
 2285:2B18       _LOG
 2106:000D       _LOGMESSAGES
 0000:238C       _LONGJMP
 0000:09BA       _LSEEK
 0556:0003       _MAIN
 2285:36B6       _MAINMENU
 0000:1CC9       _MALLOC
 0CFF:233B       _MARKTEXTBLOCK
 0000:3CC7       _MEMCPY
 0000:3DA2       _MEMMOVE
 0000:3D0F       _MEMSET
 1080:0D9F       _MENUBARPROC
 118C:0F11       _MENUHEIGHT
 118C:0F37       _MENUWIDTH
 1ABA:0005       _MESSAGEBOXPROC
 2106:0201       _MESSAGELOG
 0000:2A2D       _MKTIME
 1ABA:07EB       _MOMENTARYMESSAGE
 0A02:009A       _MOUSEBUTTONS
 0A02:004D       _MOUSE_INSTALLED
 0000:3D2E       _MOVEDATA
 0851:0906       _MOVEFROMSCREEN
 0851:08DF       _MOVETOSCREEN
 0000:3D50       _MOVMEM
 2285:1768       _MSGBOX
 1ABA:08B8       _MSGHEIGHT
 1ABA:0938       _MSGWIDTH
 0A27:02FD       _NORMALCURSOR
 0A80:158F       _NORMALPROC
 0000:3DF0       _OPEN
 1476:008A       _OPENCONFIG
 1EB6:0005       _OPENFILEDIALOGBOX
 1D86:0008       _OPENHELPFILE
 1A7F:000C       _PAINTMSG
 070E:09FD       _PAINTSHADOW
 1E10:015C       _PASTETEXT
 2189:054C       _PICTUREPROC
 118C:0D66       _POPDOWNPROC
 08E6:0687       _POSTMESSAGE
 0556:17D1       _PREPEDITMENU
 0556:167F       _PREPFILEMENU
 0556:1739       _PREPSEARCHMENU
 12CE:1098       _PREPWINDOWMENU
 0000:3FAE       _PRINTF
 2285:0B98       _PRINTSETUP
 1F6F:01AC       _PUSHRADIOBUTTON
 1DB0:05AA       _PUTCOMBOLISTTEXT
 1895:0DD6       _PUTITEMTEXT
 0851:017B       _PUTVIDEOCHAR
 070E:11B7       _PUTWINDOWCHAR
 070E:12A6       _PUTWINDOWLINE
 0000:4645       _QSORT
 1F6F:000D       _RADIOBUTTONPROC
 1F6F:037A       _RADIOBUTTONSETTING
 0000:1E30       _REALLOC
 1D1C:0219       _REFOCUS
 129A:0220       _RELATIVEWINDOWRECT
 0000:0B1C       _REMOVE
 1D1C:0256       _REMOVEWINDOW
 070E:0A8C       _REPAINTBORDER
 1E3E:0683       _REPLACETEXT
 2285:1378       _REPLACETEXTDB
 0A02:0036       _RESETMOUSE
 0A27:02AB       _RESTORECURSOR
 2285:6BC6       _REVERSE
 2285:07A8       _SAVEAS
 1EB6:002B       _SAVEASDIALOGBOX
 1476:01AD       _SAVECONFIG
 0A27:027E       _SAVECURSOR
 0851:0855       _SCROLL_WINDOW
 1E3E:076F       _SEARCHNEXT
 1E3E:06F9       _SEARCHTEXT
 2285:0F88       _SEARCHTEXTDB
 1D86:0239       _SEEKHELPLINE
 0000:0F01       _SEGREAD
 08E6:0704       _SENDMESSAGE
 0A27:04BE       _SET25
 0A27:04F8       _SET43
 0A27:052A       _SET50
 0000:22E2       _SETBLOCK
 06EA:01BF       _SETCOMMANDTOGGLE
 0000:0F21       _SETDATE
 0000:0727       _SETDISK
 1895:0C95       _SETDLGTEXTSTRING
 1895:1E58       _SETFOCUSCURSOR
 0000:2356       _SETJMP
 0000:3CEB       _SETMEM
 1D1C:0002       _SETNEXTFOCUS
 1D1C:0112       _SETPREVFOCUS
 1F6F:0186       _SETRADIOBUTTON
 1476:0213       _SETREVERSECOLOR
 1895:13B4       _SETSCROLLBARS
 1476:01F8       _SETSTANDARDCOLOR
 0000:0F36       _SETTIME
 0000:473E       _SETVBUF
 0000:0755       _SETVECT
 0A27:035C       _SET_CURSOR_TYPE
 0A02:0132       _SET_MOUSEPOSITION
 0A02:01E4       _SET_MOUSETRAVEL
 0A02:017B       _SHOW_MOUSECURSOR
 14DA:0491       _SIZEMSG
 1D1C:03CC       _SKIPAPPLICATIONCONTROLS
 1FFA:0434       _SLIDERBOX
 2285:1F48       _SLIDERBOXDB
 0000:2486       _SPAWNL
 2050:000A       _SPINBUTTONPROC
 0000:4B74       _SPRINTF
 1D5E:0001       _STATUSBARPROC
 0000:1005       _STIME
 0851:0088       _STOREVIDEO
 0000:4BB7       _STRCAT
 0000:4BF6       _STRCHR
 0000:4C33       _STRCMP
 0000:4C63       _STRCPY
 0000:2A8D       _STRFTIME
 0000:4C8C       _STRICMP
 0000:4CCD       _STRLEN
 0000:4CEC       _STRNCPY
 0000:4D1D       _STRRCHR
 129A:00C9       _SUBRECTANGLE
 0A27:0082       _SWAPCURSORSTACK
 2285:4A18       _SYSTEMMENU
 1498:000E       _SYSTEMMENUPROC
 08E6:0071       _TESTCRITICALERROR
 0CFF:131D       _TEXTBOXPROC
 0CFF:2516       _TEXTLINENUMBER
 1F51:0001       _TEXTPROC
 0000:1045       _TIME
 2285:7EEC       _TIMEZONE
 2285:6246       _TIME_STRING
 0000:109D       _TOLOWER
 0000:10C9       _TOUPPER
 2285:7EE4       _TZNAME
 0000:5094       _TZSET
 0A27:0334       _UNHIDECURSOR
 0000:4E90       _UNIXTODOS
 0000:10F5       _UNLINK
 1B5A:0F5B       _UNLOADHELPFILE
 2285:77C4       _VECTCVT
 0A27:01C3       _VIDEOMODE
 2285:8956       _VIDEO_MODE
 2285:8954       _VIDEO_PAGE
 2285:896C       _VSLIDING
 0000:4B96       _VSPRINTF
 1FBD:036A       _WATCHICON
 1FBD:000B       _WATCHICONPROC
 1895:0B70       _WINDOWCONTROL
 2285:8968       _WINDOWMOVING
 2285:2728       _WINDOWS
 2285:8966       _WINDOWSIZING
 0851:0423       _WPUTCH
 0851:04E0       _WPUTS
 070E:03FB       _WRITELINE
 0CFF:1C82       _WRITETEXTLINE
 1ABA:0083       _YESNOBOXPROC
 0000:1000  Abs  __AHINCR
 0000:000C  Abs  __AHSHIFT
 2285:7CCE       __ARGC
 2285:7CD0       __ARGV
 2285:78EC       __ATEXITCNT
 2285:8FF2       __ATEXITTBL
 0000:1F27       __BRK
 2285:008B       __BRKLVL
 2285:006B       __C0ARGC
 2285:006D       __C0ARGV
 2285:0071       __C0ENVIRON
 0000:067D       __CEXIT
 0000:016A       __CHECKNULL
 0000:255D       __CHMOD
 0000:0157       __CLEANUP
 0000:25A2       __CLOSE
 2285:78EE       __CTYPE
 0000:0000  Abs  __CVTFAK
 0000:068B       __C_EXIT
 0000:02DA       __DOSCMD
 0000:03DD       __DOSENV
 2285:7BBA       __DOSERRNO
 0000:08F5       __DOSERROR
 2285:7BBC       __DOSERRORTOSV
 0000:057C       __DOS_FINDFIRST
 0000:05AF       __DOS_FINDNEXT
 0000:05DC       __DOS_GETDRIVE
 0000:053F       __DOS_GETFILEATTR
 0000:05EE       __DOS_SETDRIVE
 0000:055F       __DOS_SETFILEATTR
 2285:0075       __ENVLNG
 2285:0077       __ENVSEG
 2285:0079       __ENVSIZE
 0000:1850       __EXEC
 0000:066B       __EXIT
 2285:79F0       __EXITBUF
 2285:79F4       __EXITFOPEN
 2285:79F8       __EXITOPEN
 0000:39E6       __FGETC
 2285:7BB6       __FMODE
 0000:4914       __FNSPLIT
 0000:3FC9       __FPUTC
 0000:418E       __FPUTN
 0000:345C       __GETFP
 2285:0087       __HEAPBASE
 2285:008F       __HEAPTOP
 2285:005B       __INT0VECTOR
 2285:005F       __INT4VECTOR
 2285:0063       __INT5VECTOR
 2285:0067       __INT6VECTOR
 0000:08BC       __IOERROR
 0000:5282       __ISDST
 0000:20E4       __LOADPROG
 0000:0918       __LONGTOA
 0000:3BF6       __MAKEPATH
 0000:09E3       __MKNAME
 0000:0293       __MMODEL
 2285:7ECA       __MONTHDAY
 0000:39FB       __NFGETC
 2285:7B8C       __NFILE
 2285:7BB8       __NOTUMASK
 0000:3F5F       __OPEN
 2285:7B8E       __OPENFD
 0000:338B       __OPENFP
 2285:007D       __OSMAJOR
 2285:007E       __OSMINOR
 2285:007D       __OSVERSION
 2285:007B       __PSP
 0000:0AED       __READ
 0000:21B3       __REALCVT
 2285:7EFE       __REALCVTVECTOR
 0000:01C0       __RESTOREZERO
 0000:1F66       __SBRK
 2285:7F00       __SCANTODVECTOR
 0000:0E79       __SEARCHENV
 0000:0E61       __SEARCHPATH
 0000:0EBD       __SEARCHSTR
 0000:0000  Abs  __SETARGV__
 0000:0000  Abs  __SETENVP__
 0000:0F4B       __SETUPIO
 0000:23C4       __SPAWN
 0000:4B0A       __SPLITPATH
 2285:0081       __STARTTIME
 2285:7C30       __STKLEN
 0000:15E8       __STPCPY
 2285:79FC       __STREAMS
 0000:016B       __TERMINATE
 0000:0A40       __TMPNAM
 0000:099A       __UTOA
 2285:007D       __VERSION
 0000:1125       __VPRINTER
 0000:54B2       __WRITE
 0000:54EE       __XFCLOSE
 0000:552B       __XFFLUSH
 0000:161C       ___ASSERTFAIL
 2285:0085       ___BRKLVL
 0000:1A7F       ___FIRST
 0000:1A81       ___LAST
 0000:466D       ___READ
 0000:1A83       ___ROVER
 0000:5361       ___WRITE

  Address         Publics by Value

 0000:0000  Abs  __SETARGV__
 0000:0000  Abs  __CVTFAK
 0000:0000  Abs  __SETENVP__
 0000:000C  Abs  __AHSHIFT
 0000:0157       __CLEANUP
 0000:016A       __CHECKNULL
 0000:016B       __TERMINATE
 0000:01C0       __RESTOREZERO
 0000:027A       _ABORT
 0000:0291       DGROUP@
 0000:0293       __MMODEL
 0000:0295       _ATEXIT
 0000:02C2       _CHDIR
 0000:02DA       __DOSCMD
 0000:03DD       __DOSENV
 0000:053F       __DOS_GETFILEATTR
 0000:055F       __DOS_SETFILEATTR
 0000:057C       __DOS_FINDFIRST
 0000:05AF       __DOS_FINDNEXT
 0000:05DC       __DOS_GETDRIVE
 0000:05EE       __DOS_SETDRIVE
 0000:065C       _EXIT
 0000:066B       __EXIT
 0000:067D       __CEXIT
 0000:068B       __C_EXIT
 0000:0697       F_LXMUL@
 0000:0697       LXMUL@
 0000:06AE       F_SCOPY@
 0000:06AE       SCOPY@
 0000:06CA       _GETCURDIR
 0000:06E7       _GETDATE
 0000:06FA       _GETTIME
 0000:070D       _GETDISK
 0000:0727       _SETDISK
 0000:0746       _GETVECT
 0000:0755       _SETVECT
 0000:0766       N_LDIV@
 0000:0769       F_LDIV@
 0000:0769       LDIV@
 0000:076D       N_LUDIV@
 0000:0770       F_LUDIV@
 0000:0770       LUDIV@
 0000:0775       N_LMOD@
 0000:0778       F_LMOD@
 0000:0778       LMOD@
 0000:077D       N_LUMOD@
 0000:0780       LUMOD@
 0000:0780       F_LUMOD@
 0000:0814       N_LXLSH@
 0000:0817       LXLSH@
 0000:0817       F_LXLSH@
 0000:0835       N_PADD@
 0000:0838       F_PADD@
 0000:0838       PADD@
 0000:0864       N_PSUB@
 0000:0867       F_PSUB@
 0000:0867       PSUB@
 0000:0895       N_SPUSH@
 0000:089B       F_SPUSH@
 0000:089B       SPUSH@
 0000:08BC       __IOERROR
 0000:08F5       __DOSERROR
 0000:0907       _ISATTY
 0000:0918       __LONGTOA
 0000:099A       __UTOA
 0000:09BA       _LSEEK
 0000:09E3       __MKNAME
 0000:0A40       __TMPNAM
 0000:0A99       N_LXMUL@
 0000:0AB0       N_PCMP@
 0000:0AD1       N_SCOPY@
 0000:0AED       __READ
 0000:0B1C       _REMOVE
 0000:0E61       __SEARCHPATH
 0000:0E79       __SEARCHENV
 0000:0EBD       __SEARCHSTR
 0000:0F01       _SEGREAD
 0000:0F21       _SETDATE
 0000:0F36       _SETTIME
 0000:0F4B       __SETUPIO
 0000:1000  Abs  __AHINCR
 0000:1005       _STIME
 0000:1045       _TIME
 0000:109D       _TOLOWER
 0000:10C9       _TOUPPER
 0000:10F5       _UNLINK
 0000:1125       __VPRINTER
 0000:15E8       __STPCPY
 0000:161C       ___ASSERTFAIL
 0000:1648       _BIOSKEY
 0000:166D       _CALLOC
 0000:1850       __EXEC
 0000:1A7F       ___FIRST
 0000:1A81       ___LAST
 0000:1A83       ___ROVER
 0000:1BBF       _FREE
 0000:1BBF       _FARFREE
 0000:1CC9       _MALLOC
 0000:1CD3       _FARMALLOC
 0000:1E30       _REALLOC
 0000:1E37       _FARREALLOC
 0000:1F27       __BRK
 0000:1F66       __SBRK
 0000:1FF1       _INT86
 0000:2022       _INT86X
 0000:20BB       _IOCTL
 0000:20E4       __LOADPROG
 0000:21B3       __REALCVT
 0000:22E2       _SETBLOCK
 0000:2356       _SETJMP
 0000:238C       _LONGJMP
 0000:23C4       __SPAWN
 0000:2486       _SPAWNL
 0000:24D7       _ATOL
 0000:254C       _ATOI
 0000:255D       __CHMOD
 0000:257A       _CLOSE
 0000:25A2       __CLOSE
 0000:280A       _GMTIME
 0000:2823       _LOCALTIME
 0000:2859       _ASCTIME
 0000:2884       _CTIME
 0000:2A2D       _MKTIME
 0000:2A8D       _STRFTIME
 0000:2F3F       _EOF
 0000:2FB6       _FCLOSE
 0000:306E       _FFLUSH
 0000:313B       _FGETS
 0000:31D7       _FINDFIRST
 0000:320A       _FINDNEXT
 0000:3237       _FLUSHALL
 0000:3279       _FNMERGE
 0000:32A4       _FNSPLIT
 0000:338B       __OPENFP
 0000:345C       __GETFP
 0000:34A6       _FOPEN
 0000:34DB       _FPRINTF
 0000:34F7       _FPUTS
 0000:3635       _FREAD
 0000:3745       _FSEEK
 0000:37C5       _FTELL
 0000:38A5       _FWRITE
 0000:39E6       __FGETC
 0000:39FB       __NFGETC
 0000:39FE       _FGETC
 0000:3AEC       _FGETCHAR
 0000:3AF8       _GETCWD
 0000:3B86       _GETENV
 0000:3BF6       __MAKEPATH
 0000:3CC7       _MEMCPY
 0000:3CEB       _SETMEM
 0000:3D0F       _MEMSET
 0000:3D2E       _MOVEDATA
 0000:3D50       _MOVMEM
 0000:3DA2       _MEMMOVE
 0000:3DF0       _OPEN
 0000:3F5F       __OPEN
 0000:3FAE       _PRINTF
 0000:3FC9       __FPUTC
 0000:3FE5       _FPUTC
 0000:417A       _FPUTCHAR
 0000:418E       __FPUTN
 0000:4645       _QSORT
 0000:466D       ___READ
 0000:473E       _SETVBUF
 0000:4914       __FNSPLIT
 0000:4B0A       __SPLITPATH
 0000:4B74       _SPRINTF
 0000:4B96       _VSPRINTF
 0000:4BB7       _STRCAT
 0000:4BF6       _STRCHR
 0000:4C33       _STRCMP
 0000:4C63       _STRCPY
 0000:4C8C       _STRICMP
 0000:4CCD       _STRLEN
 0000:4CEC       _STRNCPY
 0000:4D1D       _STRRCHR
 0000:4D66       _DOSTOUNIX
 0000:4E90       _UNIXTODOS
 0000:5094       _TZSET
 0000:5282       __ISDST
 0000:5361       ___WRITE
 0000:54B2       __WRITE
 0000:54EE       __XFCLOSE
 0000:552B       __XFFLUSH
 0556:0003       _MAIN
 0556:167F       _PREPFILEMENU
 0556:1739       _PREPSEARCHMENU
 0556:17D1       _PREPEDITMENU
 06EA:0070       _GETCOMMANDTEXT
 06EA:00AA       _ISCASCADEDCOMMAND
 06EA:00E2       _ACTIVATECOMMAND
 06EA:0112       _DEACTIVATECOMMAND
 06EA:0142       _ISACTIVE
 06EA:017F       _GETCOMMANDTOGGLE
 06EA:01BF       _SETCOMMANDTOGGLE
 06EA:01EF       _CLEARCOMMANDTOGGLE
 06EA:021F       _INVERTCOMMANDTOGGLE
 070E:000F       _CREATEWINDOW
 070E:0379       _ADDTITLE
 070E:03B0       _INSERTTITLE
 070E:03FB       _WRITELINE
 070E:04E5       _ADJUSTRECTANGLE
 070E:05DB       _DISPLAYTITLE
 070E:09FD       _PAINTSHADOW
 070E:0A8C       _REPAINTBORDER
 070E:0F6F       _CLEARWINDOW
 070E:10C5       _LINELENGTH
 070E:1142       _INITWINDOWCOLORS
 070E:11B7       _PUTWINDOWCHAR
 070E:12A6       _PUTWINDOWLINE
 0851:0005       _GETVIDEO
 0851:0088       _STOREVIDEO
 0851:010B       _GETVIDEOCHAR
 0851:017B       _PUTVIDEOCHAR
 0851:021F       _CHARINVIEW
 0851:0423       _WPUTCH
 0851:04E0       _WPUTS
 0851:0815       _GET_VIDEOMODE
 0851:0855       _SCROLL_WINDOW
 0851:08DF       _MOVETOSCREEN
 0851:0906       _MOVEFROMSCREEN
 08E6:0071       _TESTCRITICALERROR
 08E6:0175       _INIT_MESSAGES
 08E6:0687       _POSTMESSAGE
 08E6:0704       _SENDMESSAGE
 08E6:0F3F       _HANDSHAKE
 08E6:0F51       _DISPATCH_MESSAGE
 0A02:0036       _RESETMOUSE
 0A02:004D       _MOUSE_INSTALLED
 0A02:009A       _MOUSEBUTTONS
 0A02:00C6       _GET_MOUSEPOSITION
 0A02:0132       _SET_MOUSEPOSITION
 0A02:017B       _SHOW_MOUSECURSOR
 0A02:019B       _HIDE_MOUSECURSOR
 0A02:01BB       _BUTTON_RELEASES
 0A02:01E4       _SET_MOUSETRAVEL
 0A27:0007       _CLEARSCREEN
 0A27:0082       _SWAPCURSORSTACK
 0A27:00EF       _KEYHIT
 0A27:0103       _GETKEY
 0A27:013C       _GETSHIFT
 0A27:0163       _BEEP
 0A27:01C3       _VIDEOMODE
 0A27:01FC       _CURSOR
 0A27:0260       _CURR_CURSOR
 0A27:027E       _SAVECURSOR
 0A27:02AB       _RESTORECURSOR
 0A27:02FD       _NORMALCURSOR
 0A27:030C       _HIDECURSOR
 0A27:0334       _UNHIDECURSOR
 0A27:035C       _SET_CURSOR_TYPE
 0A27:038C       _ISEGA
 0A27:03CE       _ISVGA
 0A27:04BE       _SET25
 0A27:04F8       _SET43
 0A27:052A       _SET50
 0A27:055C       _ALTCONVERT
 0A80:158F       _NORMALPROC
 0A80:25CA       _ISDERIVEDFROM
 0A80:25F4       _GETANCESTOR
 0A80:2638       _ISVISIBLE
 0A80:27C2       _ISANCESTOR
 0CFF:131D       _TEXTBOXPROC
 0CFF:1C82       _WRITETEXTLINE
 0CFF:233B       _MARKTEXTBLOCK
 0CFF:2368       _CLEARTEXTPOINTERS
 0CFF:23A0       _BUILDTEXTPOINTERS
 0CFF:2516       _TEXTLINENUMBER
 0F56:0B31       _LISTBOXPROC
 0F56:114C       _ITEMSELECTED
 1080:0D9F       _MENUBARPROC
 118C:0D66       _POPDOWNPROC
 118C:0F11       _MENUHEIGHT
 118C:0F37       _MENUWIDTH
 118C:1050       _COPYCOMMAND
 129A:00C9       _SUBRECTANGLE
 129A:0154       _CLIENTRECT
 129A:0220       _RELATIVEWINDOWRECT
 129A:0268       _CLIPRECTANGLE
 12CE:0B02       _APPLICATIONPROC
 12CE:1098       _PREPWINDOWMENU
 1476:000E       _BUILDFILENAME
 1476:008A       _OPENCONFIG
 1476:00BF       _LOADCONFIG
 1476:01AD       _SAVECONFIG
 1476:01F8       _SETSTANDARDCOLOR
 1476:0213       _SETREVERSECOLOR
 1498:000E       _SYSTEMMENUPROC
 1498:01BF       _BUILDSYSTEMMENU
 14DA:0491       _SIZEMSG
 14DA:2B94       _EDITBOXPROC
 1895:0009       _CLEARDIALOGBOXES
 1895:068C       _DIALOGPROC
 1895:08F3       _DIALOGBOX
 1895:0ACA       _FINDCOMMAND
 1895:0B1E       _CONTROLWINDOW
 1895:0B70       _WINDOWCONTROL
 1895:0BBC       _CONTROLSETTING
 1895:0C07       _ISCONTROLON
 1895:0C55       _GETDLGTEXTSTRING
 1895:0C95       _SETDLGTEXTSTRING
 1895:0DD6       _PUTITEMTEXT
 1895:0FE2       _GETITEMTEXT
 1895:118A       _GETDLGLISTTEXT
 1895:13B4       _SETSCROLLBARS
 1895:1E58       _SETFOCUSCURSOR
 1A7F:000C       _PAINTMSG
 1A7F:01B6       _LEFTBUTTONMSG
 1A7F:02C2       _BUTTONPROC
 1ABA:0005       _MESSAGEBOXPROC
 1ABA:0083       _YESNOBOXPROC
 1ABA:013A       _ERRORBOXPROC
 1ABA:01AF       _CANCELBOXPROC
 1ABA:02C7       _CLOSECANCELBOX
 1ABA:02F5       _INPUTBOXPROC
 1ABA:0474       _INPUTBOX
 1ABA:0669       _GENERICMESSAGE
 1ABA:07EB       _MOMENTARYMESSAGE
 1ABA:08B8       _MSGHEIGHT
 1ABA:0938       _MSGWIDTH
 1B5A:0383       _HELPBOXPROC
 1B5A:07A0       _HELPTEXTPROC
 1B5A:0D39       _LOADHELPFILE
 1B5A:0F5B       _UNLOADHELPFILE
 1B5A:153B       _HELPCOMMENT
 1B5A:1582       _DISPLAYHELP
 1D1C:0002       _SETNEXTFOCUS
 1D1C:0112       _SETPREVFOCUS
 1D1C:0219       _REFOCUS
 1D1C:0256       _REMOVEWINDOW
 1D1C:0328       _APPENDWINDOW
 1D1C:03CC       _SKIPAPPLICATIONCONTROLS
 1D5E:0001       _STATUSBARPROC
 1D86:0008       _OPENHELPFILE
 1D86:0144       _GETHELPLINE
 1D86:01FF       _HELPFILEPOSITION
 1D86:0239       _SEEKHELPLINE
 1DB0:0008       _COMBOPROC
 1DB0:01BC       _LISTPROC
 1DB0:05AA       _PUTCOMBOLISTTEXT
 1E10:000F       _COPYTEXTTOCLIPBOARD
 1E10:0059       _COPYTOCLIPBOARD
 1E10:0133       _CLEARCLIPBOARD
 1E10:015C       _PASTETEXT
 1E3E:0683       _REPLACETEXT
 1E3E:06F9       _SEARCHTEXT
 1E3E:076F       _SEARCHNEXT
 1EB6:0005       _OPENFILEDIALOGBOX
 1EB6:002B       _SAVEASDIALOGBOX
 1F1A:00EB       _DFCALLOC
 1F1A:0123       _DFMALLOC
 1F1A:0157       _DFREALLOC
 1F33:0003       _CHECKBOXPROC
 1F33:017D       _CHECKBOXSETTING
 1F51:0001       _TEXTPROC
 1F6F:000D       _RADIOBUTTONPROC
 1F6F:0186       _SETRADIOBUTTON
 1F6F:01AC       _PUSHRADIOBUTTON
 1F6F:037A       _RADIOBUTTONSETTING
 1FAC:000E       _BOXPROC
 1FBD:000B       _WATCHICONPROC
 1FBD:036A       _WATCHICON
 1FFA:0434       _SLIDERBOX
 2050:000A       _SPINBUTTONPROC
 2074:000C       _CREATEPATH
 2074:046E       _BUILDFILELIST
 2074:048B       _BUILDDIRECTORYLIST
 2074:04A6       _BUILDDRIVELIST
 2074:062F       _BUILDPATHDISPLAY
 20E1:00BF       _BARCHART
 2106:000D       _LOGMESSAGES
 2106:0201       _MESSAGELOG
 212F:0501       _CALENDAR
 2189:054C       _PICTUREPROC
 2189:068A       _DRAWVECTOR
 2189:06DB       _DRAWBOX
 2189:0724       _DRAWBAR
 2200:0121       _COLLAPSETABS
 2200:0199       _EXPANDTABS
 2200:07CC       _EDITORPROC
 2285:0000       DATASEG@
 2285:005B       __INT0VECTOR
 2285:005F       __INT4VECTOR
 2285:0063       __INT5VECTOR
 2285:0067       __INT6VECTOR
 2285:006B       __C0ARGC
 2285:006D       __C0ARGV
 2285:0071       __C0ENVIRON
 2285:0075       __ENVLNG
 2285:0077       __ENVSEG
 2285:0079       __ENVSIZE
 2285:007B       __PSP
 2285:007D       __OSVERSION
 2285:007D       __OSMAJOR
 2285:007D       __VERSION
 2285:007E       __OSMINOR
 2285:007F       _ERRNO
 2285:0081       __STARTTIME
 2285:0085       ___BRKLVL
 2285:0087       __HEAPBASE
 2285:008B       __BRKLVL
 2285:008F       __HEAPTOP
 2285:0094       _DFLATAPPLICATION
 2285:03B8       _FILEOPEN
 2285:07A8       _SAVEAS
 2285:0B98       _PRINTSETUP
 2285:0F88       _SEARCHTEXTDB
 2285:1378       _REPLACETEXTDB
 2285:1768       _MSGBOX
 2285:1B58       _INPUTBOXDB
 2285:1F48       _SLIDERBOXDB
 2285:2338       _DISPLAY
 2285:2728       _WINDOWS
 2285:2B18       _LOG
 2285:2F08       _HELPBOX
 2285:36B6       _MAINMENU
 2285:4A18       _SYSTEMMENU
 2285:6210       _INFOCUS
 2285:623A       _ALLOCTESTING
 2285:623C       _ALTDOWN
 2285:6246       _TIME_STRING
 2285:63E2       _CLASSDEFS
 2285:66AC       _KEYS
 2285:6A56       _COLOR
 2285:6B0E       _BW
 2285:6BC6       _REVERSE
 2285:6C7E       _CFG
 2285:6DC2       _CLASSNAMES
 2285:77B8       _CHARINWND
 2285:77C4       _VECTCVT
 2285:78EC       __ATEXITCNT
 2285:78EE       __CTYPE
 2285:79F0       __EXITBUF
 2285:79F4       __EXITFOPEN
 2285:79F8       __EXITOPEN
 2285:79FC       __STREAMS
 2285:7B8C       __NFILE
 2285:7B8E       __OPENFD
 2285:7BB6       __FMODE
 2285:7BB8       __NOTUMASK
 2285:7BBA       __DOSERRNO
 2285:7BBC       __DOSERRORTOSV
 2285:7C30       __STKLEN
 2285:7CCE       __ARGC
 2285:7CD0       __ARGV
 2285:7CDE       _ENVIRON
 2285:7ECA       __MONTHDAY
 2285:7EE4       _TZNAME
 2285:7EEC       _TIMEZONE
 2285:7EF0       _DAYLIGHT
 2285:7EFE       __REALCVTVECTOR
 2285:7F00       __SCANTODVECTOR
 2285:8050       _BACKGROUND
 2285:8052       _FOREGROUND
 2285:8058       _CLIPSTRING
 2285:8848       _ALLOCERROR
 2285:8862       _CAPTUREKEYBOARD
 2285:8866       _CAPTUREMOUSE
 2285:8954       _VIDEO_PAGE
 2285:8956       _VIDEO_MODE
 2285:8958       _HIDDENWINDOW
 2285:8966       _WINDOWSIZING
 2285:8968       _WINDOWMOVING
 2285:896A       _HSLIDING
 2285:896C       _VSLIDING
 2285:89BA       _ACTIVEMENUBAR
 2285:89BE       _CURRENTMENUSELECTION
 2285:8A09       _APPLICATIONWINDOW
 2285:8A0D       _ARGV
 2285:8A26       _CANCELWND
 2285:8E48       _HELPTREE
 2285:8E4C       _CLIPBOARDLENGTH
 2285:8E4E       _CLIPBOARD
 2285:8FF2       __ATEXITTBL

Program entry point at 0000:0000

