
 Start  Stop   Length Name               Class

 00000H 02CEEH 02CEFH _TEXT              CODE
 02CEFH 06718H 03A2AH BLOCK_TEXT         CODE
 06719H 072F0H 00BD8H CONSOLE_TEXT       CODE
 072F1H 07558H 00268H CRITERR_TEXT       CODE
 07559H 086A1H 01149H DIFF_TEXT          CODE
 086A2H 09927H 01286H DIRLIST_TEXT       CODE
 09928H 0BDF4H 024CDH ED_TEXT            CODE
 0BDF5H 0E3FCH 02608H FILE_TEXT          CODE
 0E3FDH 10158H 01D5CH FINDREP_TEXT       CODE
 10159H 1086CH 00714H HWIND_TEXT         CODE
 1086DH 10D99H 0052DH MAIN_TEXT          CODE
 10D9AH 116D7H 0093EH MACRO_TEXT         CODE
 116D8H 117EAH 00113H PORT_TEXT          CODE
 117EBH 12E1DH 01633H REGX_TEXT          CODE
 12E1EH 13A6FH 00C52H SORT_TEXT          CODE
 13A70H 14776H 00D07H TAB_TEXT           CODE
 14777H 14849H 000D3H TDEASM_TEXT        CODE
 1484AH 17EDBH 03692H UTILS_TEXT         CODE
 17EDCH 19233H 01358H WINDOW_TEXT        CODE
 19234H 1A3B7H 01184H WORDWRAP_TEXT      CODE
 1A3C0H 1A3C0H 00000H _FARDATA           FAR_DATA
 1A3C0H 1A3C0H 00000H _FARBSS            FAR_BSS
 1A3C0H 1A3C0H 00000H _OVERLAY_          OVRINFO
 1A3C0H 1A3C0H 00000H _1STUB_            STUBSEG
 1A3C0H 1F431H 05072H _DATA              DATA
 1F432H 1F432H 00000H _CVTSEG            DATA
 1F432H 1F432H 00000H _SCNSEG            DATA
 1F432H 1F432H 00000H _CONST             CONST
 1F432H 1F43DH 0000CH _INIT_             INITDATA
 1F43EH 1F43EH 00000H _INITEND_          INITDATA
 1F43EH 1F43EH 00000H _EXIT_             EXITDATA
 1F43EH 1F43EH 00000H _EXITEND_          EXITDATA
 1F43EH 22D8DH 03950H _BSS               BSS
 22D8EH 22D8EH 00000H _BSSEND            BSSEND
 22D90H 22E0FH 00080H _STACK             STACK

Program entry point at 0000:0000

